<!DOCTYPE html>
<html lang="en">
    <head>
        <title>Test</title>
    </head>
    <body>
        <article>
            <h1>Test Document</h1>
            <p>This is a very fancy test document.</p>

            <img src="img.png" alt="an image">

            <p>Another "paragraph".}}</p>

            <div>a counter: 4</div>

            <h2>Test template says: <span>Test</span></h2>

            <p>1, 2, 3, 4, </p>
        </article>
    </body>
</html>
